ARM Linker, 5.03 [Build 24] [MDK-ARM Standard]

==============================================================================

Section Cross References

    board.o(.text) refers to hal_lld.o(.text) for stm32_clock_init
    cstartup.o(MSTACK) refers (Special) to heapauxi.o(.text) for __use_two_region_memory
    cstartup.o(CSTACK) refers (Special) to heapauxi.o(.text) for __use_two_region_memory
    cstartup.o(HEAP) refers (Special) to heapauxi.o(.text) for __use_two_region_memory
    cstartup.o(.text) refers (Special) to heapauxi.o(.text) for __use_two_region_memory
    cstartup.o(.text) refers to board.o(.text) for __early_init
    cstartup.o(.text) refers to cstartup.o(CSTACK) for __initial_sp
    cstartup.o(.text) refers to __main.o(!!!main) for __main
    cstartup.o(.text) refers to cstartup.o(HEAP) for Heap_Mem
    chcoreasm_v7m.o(.text) refers to chthreads.o(.text) for chThdExit
    chcoreasm_v7m.o(.text) refers to chschd.o(.text) for chSchDoReschedule
    chcore_v7m.o(.text) refers to chsys.o(.text) for chSysTimerHandlerI
    chcore_v7m.o(.text) refers to nvic.o(.text) for nvicSetSystemHandlerPriority
    chcore_v7m.o(.text) refers to chschd.o(.bss) for rlist
    chcore_v7m.o(.text) refers to chcoreasm_v7m.o(.text) for _port_switch_from_isr
    vectors.o(RESET) refers to cstartup.o(MSTACK) for __initial_msp
    vectors.o(RESET) refers to cstartup.o(.text) for Reset_Handler
    vectors.o(RESET) refers to vectors.o(.text) for NMIVector
    vectors.o(RESET) refers to chcore_v7m.o(.text) for SVCallVector
    vectors.o(RESET) refers to ext_lld.o(.text) for Vector44
    vectors.o(RESET) refers to stm32_dma.o(.text) for Vector6C
    vectors.o(RESET) refers to adc_lld.o(.text) for Vector88
    vectors.o(RESET) refers to gpt_lld.o(.text) for VectorB0
    vectors.o(RESET) refers to pwm_lld.o(.text) for VectorB8
    vectors.o(RESET) refers to i2c_lld.o(.text) for VectorBC
    vectors.o(RESET) refers to serial_lld.o(.text) for VectorD8
    chcond.o(.text) refers to chschd.o(.text) for chSchWakeupS
    chcond.o(.text) refers to chmtx.o(.text) for chMtxUnlockS
    chcond.o(.text) refers to chschd.o(.bss) for rlist
    chdynamic.o(.text) refers to chheap.o(.text) for chHeapFree
    chdynamic.o(.text) refers to chmempools.o(.text) for chPoolFree
    chdynamic.o(.text) refers to chthreads.o(.text) for chThdCreateI
    chdynamic.o(.text) refers to chschd.o(.text) for chSchWakeupS
    chevents.o(.text) refers to chschd.o(.text) for chSchReadyI
    chevents.o(.text) refers to chschd.o(.bss) for rlist
    chheap.o(.text) refers to chmtx.o(.text) for chMtxInit
    chheap.o(.text) refers to chmemcore.o(.text) for chCoreAlloc
    chheap.o(.text) refers to chheap.o(.bss) for default_heap
    chmboxes.o(.text) refers to chsem.o(.text) for chSemInit
    chmboxes.o(.text) refers to chschd.o(.text) for chSchRescheduleS
    chmemcore.o(.text) refers to chmemcore.o(.data) for nextmem
    chmsg.o(.text) refers to chschd.o(.text) for chSchReadyI
    chmsg.o(.text) refers to chschd.o(.bss) for rlist
    chmtx.o(.text) refers to chschd.o(.text) for chSchReadyI
    chmtx.o(.text) refers to chschd.o(.bss) for rlist
    chqueues.o(.text) refers to chschd.o(.text) for chSchGoSleepTimeoutS
    chqueues.o(.text) refers to chschd.o(.bss) for rlist
    chregistry.o(.text) refers to chdynamic.o(.text) for chThdRelease
    chregistry.o(.text) refers to chschd.o(.bss) for rlist
    chschd.o(.text) refers to chcoreasm_v7m.o(.text) for _port_switch
    chschd.o(.text) refers to chvt.o(.text) for chVTSetI
    chschd.o(.text) refers to chschd.o(.bss) for rlist
    chsem.o(.text) refers to chschd.o(.text) for chSchReadyI
    chsem.o(.text) refers to chschd.o(.bss) for rlist
    chsys.o(.text) refers to chcore_v7m.o(.text) for _port_init
    chsys.o(.text) refers to chschd.o(.text) for _scheduler_init
    chsys.o(.text) refers to chvt.o(.text) for _vt_init
    chsys.o(.text) refers to chmemcore.o(.text) for _core_init
    chsys.o(.text) refers to chheap.o(.text) for _heap_init
    chsys.o(.text) refers to chthreads.o(.text) for _thread_init
    chsys.o(.text) refers to chschd.o(.bss) for rlist
    chsys.o(.text) refers to chsys.o(.bss) for mainthread
    chsys.o(.text) refers to chvt.o(.bss) for vtlist
    chthreads.o(.text) refers to chschd.o(.text) for chSchWakeupS
    chthreads.o(.text) refers to chdynamic.o(.text) for chThdRelease
    chthreads.o(.text) refers to chschd.o(.bss) for rlist
    chthreads.o(.text) refers to chcoreasm_v7m.o(.text) for _port_thread_start
    chthreads.o(.text) refers to chvt.o(.bss) for vtlist
    chvt.o(.text) refers to chvt.o(.bss) for vtlist
    adc.o(.text) refers to adc_lld.o(.text) for adc_lld_init
    adc.o(.text) refers to chmtx.o(.text) for chMtxInit
    adc.o(.text) refers to chschd.o(.text) for chSchWakeupS
    adc.o(.text) refers to chschd.o(.bss) for rlist
    hal.o(.text) refers to hal_lld.o(.text) for hal_lld_init
    hal.o(.text) refers to tm.o(.text) for tmInit
[...]
    ..\\..\\..\\os\\hal\\src\\tm.c           0x00000000   Number         0  tm.o ABSOLUTE
    ..\\..\\..\\os\\ports\\RVCT\\ARMCMx\\STM32F4xx\\vectors.s 0x00000000   Number         0  vectors.o ABSOLUTE
    ..\\..\\..\\os\\ports\\RVCT\\ARMCMx\\chcoreasm_v7m.s 0x00000000   Number         0  chcoreasm_v7m.o ABSOLUTE
    ..\\..\\..\\os\\ports\\RVCT\\ARMCMx\\cstartup.s 0x00000000   Number         0  cstartup.o ABSOLUTE
    ..\\..\\..\\test\\test.c                 0x00000000   Number         0  test.o ABSOLUTE
    ..\\main.cpp                             0x00000000   Number         0  main.o ABSOLUTE
    ..\main.cpp                              0x00000000   Number         0  main.o ABSOLUTE
    dc.s                                     0x00000000   Number         0  dc.o ABSOLUTE
    RESET                                    0x08000000   Section      392  vectors.o(RESET)
    !!!main                                  0x08000188   Section        8  __main.o(!!!main)
    !!!scatter                               0x08000190   Section       52  __scatter.o(!!!scatter)
    !!handler_copy                           0x080001c4   Section       26  __scatter_copy.o(!!handler_copy)
    !!handler_zi                             0x080001e0   Section       28  __scatter_zi.o(!!handler_zi)
    .ARM.Collect$$libinit$$00000000          0x080001fc   Section        2  libinit.o(.ARM.Collect$$libinit$$00000000)
    .ARM.Collect$$libinit$$00000001          0x080001fe   Section        4  libinit2.o(.ARM.Collect$$libinit$$00000001)
    .ARM.Collect$$libinit$$00000008          0x08000202   Section        0  libinit2.o(.ARM.Collect$$libinit$$00000008)
    .ARM.Collect$$libinit$$0000000A          0x08000202   Section        0  libinit2.o(.ARM.Collect$$libinit$$0000000A)
    .ARM.Collect$$libinit$$0000000C          0x08000202   Section        0  libinit2.o(.ARM.Collect$$libinit$$0000000C)
    .ARM.Collect$$libinit$$0000000F          0x08000202   Section        0  libinit2.o(.ARM.Collect$$libinit$$0000000F)
    .ARM.Collect$$libinit$$00000011          0x08000202   Section        0  libinit2.o(.ARM.Collect$$libinit$$00000011)
    .ARM.Collect$$libinit$$00000013          0x08000202   Section        0  libinit2.o(.ARM.Collect$$libinit$$00000013)
    .ARM.Collect$$libinit$$00000015          0x08000202   Section        0  libinit2.o(.ARM.Collect$$libinit$$00000015)
    .ARM.Collect$$libinit$$00000017          0x08000202   Section        0  libinit2.o(.ARM.Collect$$libinit$$00000017)
    .ARM.Collect$$libinit$$00000019          0x08000202   Section        0  libinit2.o(.ARM.Collect$$libinit$$00000019)
    .ARM.Collect$$libinit$$0000001B          0x08000202   Section        0  libinit2.o(.ARM.Collect$$libinit$$0000001B)
    .ARM.Collect$$libinit$$0000001D          0x08000202   Section        0  libinit2.o(.ARM.Collect$$libinit$$0000001D)
    .ARM.Collect$$libinit$$0000001F          0x08000202   Section        0  libinit2.o(.ARM.Collect$$libinit$$0000001F)
    .ARM.Collect$$libinit$$00000021          0x08000202   Section        0  libinit2.o(.ARM.Collect$$libinit$$00000021)
    .ARM.Collect$$libinit$$00000023          0x08000202   Section        0  libinit2.o(.ARM.Collect$$libinit$$00000023)
    .ARM.Collect$$libinit$$0000002A          0x08000202   Section        0  libinit2.o(.ARM.Collect$$libinit$$0000002A)
    .ARM.Collect$$libinit$$0000002C          0x08000202   Section        0  libinit2.o(.ARM.Collect$$libinit$$0000002C)
    .ARM.Collect$$libinit$$0000002E          0x08000202   Section        0  libinit2.o(.ARM.Collect$$libinit$$0000002E)
    .ARM.Collect$$libinit$$00000030          0x08000202   Section        0  libinit2.o(.ARM.Collect$$libinit$$00000030)
    .ARM.Collect$$libinit$$00000031          0x08000202   Section        2  libinit2.o(.ARM.Collect$$libinit$$00000031)
    .ARM.Collect$$libshutdown$$00000000      0x08000204   Section        2  libshutdown.o(.ARM.Collect$$libshutdown$$00000000)
    .ARM.Collect$$libshutdown$$00000003      0x08000206   Section        0  libshutdown2.o(.ARM.Collect$$libshutdown$$00000003)
    .ARM.Collect$$libshutdown$$00000006      0x08000206   Section        0  libshutdown2.o(.ARM.Collect$$libshutdown$$00000006)
    .ARM.Collect$$libshutdown$$00000009      0x08000206   Section        0  libshutdown2.o(.ARM.Collect$$libshutdown$$00000009)
    .ARM.Collect$$libshutdown$$0000000B      0x08000206   Section        0  libshutdown2.o(.ARM.Collect$$libshutdown$$0000000B)
    .ARM.Collect$$libshutdown$$0000000E      0x08000206   Section        0  libshutdown2.o(.ARM.Collect$$libshutdown$$0000000E)
    .ARM.Collect$$libshutdown$$0000000F      0x08000206   Section        2  libshutdown2.o(.ARM.Collect$$libshutdown$$0000000F)
    .ARM.Collect$$rtentry$$00000000          0x08000208   Section        0  rtentry.o(.ARM.Collect$$rtentry$$00000000)
    .ARM.Collect$$rtentry$$00000002          0x08000208   Section        0  rtentry2.o(.ARM.Collect$$rtentry$$00000002)
    .ARM.Collect$$rtentry$$00000005          0x08000208   Section        4  rtentry5.o(.ARM.Collect$$rtentry$$00000005)
    .ARM.Collect$$rtentry$$00000009          0x0800020c   Section        0  rtentry2.o(.ARM.Collect$$rtentry$$00000009)
    .ARM.Collect$$rtentry$$0000000A          0x0800020c   Section        4  rtentry2.o(.ARM.Collect$$rtentry$$0000000A)
    .ARM.Collect$$rtentry$$0000000C          0x08000210   Section        0  rtentry2.o(.ARM.Collect$$rtentry$$0000000C)
    .ARM.Collect$$rtentry$$0000000D          0x08000210   Section        8  rtentry2.o(.ARM.Collect$$rtentry$$0000000D)
    .ARM.Collect$$rtentry$$00002716          0x08000218   Section        4  rtentry5.o(.ARM.Collect$$rtentry$$00002716)
    __lit__00000000                          0x08000218   Data           4  rtentry5.o(.ARM.Collect$$rtentry$$00002716)
    .ARM.Collect$$rtexit$$00000000           0x0800021c   Section        2  rtexit.o(.ARM.Collect$$rtexit$$00000000)
    .ARM.Collect$$rtexit$$00000002           0x0800021e   Section        0  rtexit2.o(.ARM.Collect$$rtexit$$00000002)
    .ARM.Collect$$rtexit$$00000003           0x0800021e   Section        4  rtexit2.o(.ARM.Collect$$rtexit$$00000003)
    .ARM.Collect$$rtexit$$00000004           0x08000222   Section        6  rtexit2.o(.ARM.Collect$$rtexit$$00000004)
    .text                                    0x08000228   Section        0  board.o(.text)
    .text                                    0x08000234   Section       80  cstartup.o(.text)
    $v0                                      0x08000234   Number         0  cstartup.o(.text)
    .text                                    0x08000284   Section       44  chcoreasm_v7m.o(.text)
    $v0                                      0x08000284   Number         0  chcoreasm_v7m.o(.text)
    .text                                    0x080002b0   Section        0  chcore.o(.text)
    .text                                    0x080002b8   Section        0  chcore_v7m.o(.text)
    .text                                    0x080003e0   Section        2  vectors.o(.text)
    $v0                                      0x080003e0   Number         0  vectors.o(.text)
    .text                                    0x080003e4   Section        0  nvic.o(.text)
    .text                                    0x08000490   Section        0  chdynamic.o(.text)
    .text                                    0x080005a4   Section        0  chevents.o(.text)
    .text                                    0x08000878   Section        0  chheap.o(.text)
    .text                                    0x08000a14   Section        0  chmemcore.o(.text)
    .text                                    0x08000a8c   Section        0  chmempools.o(.text)
    .text                                    0x08000b00   Section        0  chmtx.o(.text)
    prio_insert                              0x08000b01   Thumb Code    36  chmtx.o(.text)
    fifo_remove                              0x08000d1f   Thumb Code    12  chmtx.o(.text)
    dequeue                                  0x08000d2b   Thumb Code    14  chmtx.o(.text)
    .text                                    0x08000d3c   Section        0  chqueues.o(.text)
    qwait                                    0x08000d3d   Thumb Code    48  chqueues.o(.text)
    fifo_remove                              0x08001077   Thumb Code    12  chqueues.o(.text)
    .text                                    0x08001088   Section        0  chschd.o(.text)
    wakeup                                   0x080010ef   Thumb Code    76  chschd.o(.text)
    fifo_remove                              0x080011fd   Thumb Code    12  chschd.o(.text)
    .text                                    0x08001210   Section        0  chsys.o(.text)
    .text                                    0x080012f4   Section        0  chthreads.o(.text)
    .text                                    0x0800150c   Section        0  chvt.o(.text)
    .text                                    0x080015ac   Section        0  adc.o(.text)
    .text                                    0x0800171c   Section        0  hal.o(.text)
    .text                                    0x080017a0   Section        0  pwm.o(.text)
    .text                                    0x08001848   Section        0  serial.o(.text)
    writes                                   0x08001849   Thumb Code    26  serial.o(.text)
    reads                                    0x08001863   Thumb Code    26  serial.o(.text)
    putwouldblock                            0x0800187d   Thumb Code    14  serial.o(.text)
    getwouldblock                            0x0800188b   Thumb Code    14  serial.o(.text)
    putt                                     0x08001899   Thumb Code    22  serial.o(.text)
    gett                                     0x080018af   Thumb Code    18  serial.o(.text)
    writet                                   0x080018c1   Thumb Code    30  serial.o(.text)
    readt                                    0x080018df   Thumb Code    30  serial.o(.text)
    getflags                                 0x080018fd   Thumb Code    20  serial.o(.text)
    .text                                    0x08001a10   Section        0  spi.o(.text)
    .text                                    0x08001c18   Section        0  i2c.o(.text)
    .text                                    0x08001d28   Section        0  ext.o(.text)
    .text                                    0x08001db0   Section        0  ext_lld.o(.text)
    .text                                    0x08002268   Section        0  mmc_spi.o(.text)
    crc7                                     0x08002269   Thumb Code    26  mmc_spi.o(.text)
    tmrfunc                                  0x08002283   Thumb Code    86  mmc_spi.o(.text)
    wait                                     0x080022d9   Thumb Code    70  mmc_spi.o(.text)
    send_hdr                                 0x0800231f   Thumb Code    82  mmc_spi.o(.text)
    recvr1                                   0x08002371   Thumb Code    42  mmc_spi.o(.text)
    recvr3                                   0x0800239b   Thumb Code    28  mmc_spi.o(.text)
    send_command_R1                          0x080023b7   Thumb Code    46  mmc_spi.o(.text)
    send_command_R3                          0x080023e5   Thumb Code    50  mmc_spi.o(.text)
    sync                                     0x08002417   Thumb Code    50  mmc_spi.o(.text)
    .text                                    0x080028d4   Section        0  tm.o(.text)
    tm_start                                 0x080028d5   Thumb Code     8  tm.o(.text)
    tm_stop                                  0x080028dd   Thumb Code    44  tm.o(.text)
    .text                                    0x08002954   Section        0  gpt.o(.text)
    .text                                    0x08002a44   Section        0  adc_lld.o(.text)
    adc_lld_serve_rx_interrupt               0x08002a83   Thumb Code   314  adc_lld.o(.text)
    .text                                    0x08002f84   Section        0  hal_lld.o(.text)
    hal_lld_backup_domain_init               0x08002f85   Thumb Code    72  hal_lld.o(.text)
    .text                                    0x08003178   Section        0  pal_lld.o(.text)
    initgpio                                 0x08003179   Thumb Code    30  pal_lld.o(.text)
    .text                                    0x08003314   Section        0  pwm_lld.o(.text)
    serve_interrupt                          0x08003315   Thumb Code    94  pwm_lld.o(.text)
    .text                                    0x080035d0   Section        0  serial_lld.o(.text)
    usart_init                               0x080035d1   Thumb Code    90  serial_lld.o(.text)
    usart_deinit                             0x0800362b   Thumb Code    10  serial_lld.o(.text)
    set_error                                0x08003635   Thumb Code    76  serial_lld.o(.text)
    serve_interrupt                          0x08003681   Thumb Code   232  serial_lld.o(.text)
    notify2                                  0x08003769   Thumb Code    14  serial_lld.o(.text)
    .text                                    0x08003828   Section        0  spi_lld.o(.text)
    spi_lld_serve_rx_interrupt               0x08003829   Thumb Code   170  spi_lld.o(.text)
    spi_lld_serve_tx_interrupt               0x080038d3   Thumb Code    18  spi_lld.o(.text)
    .text                                    0x08003c00   Section        0  stm32_dma.o(.text)
    .text                                    0x08003fc8   Section        0  i2c_lld.o(.text)
    i2c_lld_abort_operation                  0x08003fc9   Thumb Code   106  i2c_lld.o(.text)
    i2c_lld_safety_timeout                   0x08004033   Thumb Code    36  i2c_lld.o(.text)
    i2c_lld_set_clock                        0x08004057   Thumb Code   132  i2c_lld.o(.text)
    i2c_lld_set_opmode                       0x080040db   Thumb Code    58  i2c_lld.o(.text)
    i2c_get_event                            0x08004115   Thumb Code    20  i2c_lld.o(.text)
    i2c_lld_serve_event_interrupt            0x08004129   Thumb Code   188  i2c_lld.o(.text)
    i2c_lld_serve_rx_end_irq                 0x080041e5   Thumb Code   124  i2c_lld.o(.text)
    i2c_lld_serve_tx_end_irq                 0x08004261   Thumb Code    72  i2c_lld.o(.text)
    i2c_lld_serve_error_interrupt            0x080042a9   Thumb Code   310  i2c_lld.o(.text)
    .text                                    0x080046d4   Section        0  gpt_lld.o(.text)
    gpt_lld_serve_interrupt                  0x080046e5   Thumb Code    36  gpt_lld.o(.text)
    .text                                    0x08004814   Section        0  main.o(.text)
    mav_array_memcpy(void*, const void*, unsigned) 0x08004815   Thumb Code    32  main.o(.text)
    .text                                    0x08004870   Section        0  racecontrol.o(.text)
    mav_array_memcpy(void*, const void*, unsigned) 0x08004871   Thumb Code    32  racecontrol.o(.text)
    .text                                    0x08004ab4   Section        0  externalinterrupt.o(.text)
    .text                                    0x08004ac8   Section        0  gcs.o(.text)
    crc_accumulate(unsigned char, unsigned short*) 0x08004ac9   Thumb Code    34  gcs.o(.text)
    mavlink_parse_char(unsigned char, unsigned char, __mavlink_message*, __mavlink_status*) 0x08004aeb   Thumb Code   438  gcs.o(.text)
    mav_array_memcpy(void*, const void*, unsigned) 0x08004ca1   Thumb Code    32  gcs.o(.text)
    mavlink_msg_param_value_pack(unsigned char, unsigned char, __mavlink_message*, const char*, float, unsigned char, unsigned short, unsigned short) 0x08004cc1   Thumb Code    98  gcs.o(.text)
    communication_queued_send()              0x08004d8f   Thumb Code   112  gcs.o(.text)
    MavlinkParamlistThread(void*)            0x08004dff   Thumb Code    14  gcs.o(.text)
    MavlinkHeartbeatThread(void*)            0x08004e99   Thumb Code    14  gcs.o(.text)
    ThreadRadio(void*)                       0x08004ea7   Thumb Code   474  gcs.o(.text)
    mavlink_get_channel_status(unsigned char) 0x0800517d   Thumb Code    14  gcs.o(.text)
    mavlink_finalize_message(__mavlink_message*, unsigned char, unsigned char, unsigned char, unsigned char) 0x0800518b   Thumb Code    36  gcs.o(.text)
    mavlink_msg_to_send_buffer(unsigned char*, const __mavlink_message*) 0x080051af   Thumb Code    26  gcs.o(.text)
    mavlink_start_checksum(__mavlink_message*) 0x080051c9   Thumb Code    12  gcs.o(.text)
    mavlink_update_checksum(__mavlink_message*, unsigned char) 0x080051d5   Thumb Code    16  gcs.o(.text)
    mavlink_msg_command_long_get_command(const __mavlink_message*) 0x080051e5   Thumb Code    14  gcs.o(.text)
    mavlink_msg_command_long_get_param1(const __mavlink_message*) 0x080051f3   Thumb Code    14  gcs.o(.text)
    mavlink_msg_command_long_get_param4(const __mavlink_message*) 0x08005201   Thumb Code    14  gcs.o(.text)
    mavlink_finalize_message_chan(__mavlink_message*, unsigned char, unsigned char, unsigned char, unsigned char, unsigned char) 0x0800520f   Thumb Code   152  gcs.o(.text)
    _MAV_RETURN_float(const __mavlink_message*, unsigned char) 0x080052a7   Thumb Code    12  gcs.o(.text)
    .text                                    0x08005304   Section        0  stm32f4xx_flash.o(.text)
    .text                                    0x080057cc   Section        0  flash.o(.text)
    .text                                    0x080057fc   Section        0  eeprom.o(.text)
    EE_FindValidPage(unsigned char)          0x08005833   Thumb Code    78  eeprom.o(.text)
    EE_VerifyPageFullWriteVariable(unsigned short, unsigned short) 0x08005881   Thumb Code   100  eeprom.o(.text)
    EE_PageTransfer(unsigned short, unsigned short) 0x08005b31   Thumb Code   228  eeprom.o(.text)
    .text                                    0x08005cac   Section        0  strcpy.o(.text)
    .text                                    0x08005cf4   Section      138  rt_memcpy_v6.o(.text)
    .text                                    0x08005d7e   Section      100  rt_memcpy_w.o(.text)
    .text                                    0x08005de2   Section       68  rt_memclr.o(.text)
    .text                                    0x08005e26   Section        0  heapauxi.o(.text)
    .text                                    0x08005e2c   Section       78  rt_memclr_w.o(.text)
    .text                                    0x08005e7a   Section        0  exit.o(.text)
    .text                                    0x08005e88   Section        0  sys_exit.o(.text)
    .text                                    0x08005e94   Section        2  use_no_semi.o(.text)
    .text                                    0x08005e96   Section        0  indicate_semi.o(.text)
    x$fpl$fpinit                             0x08005e96   Section       10  fpinit.o(x$fpl$fpinit)
    $v0                                      0x08005e96   Number         0  fpinit.o(x$fpl$fpinit)
    .constdata                               0x08005ea0   Section      252  board.o(.constdata)
    .constdata                               0x08005f9c   Section       36  serial.o(.constdata)
    vmt                                      0x08005f9c   Data          36  serial.o(.constdata)
    .constdata                               0x08005fc0   Section      267  mmc_spi.o(.constdata)
    crc7_lookup_table                        0x08005fc0   Data         256  mmc_spi.o(.constdata)
    stopcmd                                  0x080060c0   Data           7  mmc_spi.o(.constdata)
    start                                    0x080060c7   Data           2  mmc_spi.o(.constdata)
    stop                                     0x080060c9   Data           2  mmc_spi.o(.constdata)
    .constdata                               0x080060cc   Section       12  serial_lld.o(.constdata)
    default_config                           0x080060cc   Data          12  serial_lld.o(.constdata)
    .constdata                               0x080060d8   Section      192  stm32_dma.o(.constdata)
    .constdata                               0x08006198   Section      192  externalinterrupt.o(.constdata)
    extcfg                                   0x08006198   Data         192  externalinterrupt.o(.constdata)
    .constdata                               0x08006258   Section      256  gcs.o(.constdata)
    mavlink_message_crcs                     0x08006258   Data         256  gcs.o(.constdata)
    .data                                    0x20000000   Section        8  chmemcore.o(.data)
    nextmem                                  0x20000000   Data           4  chmemcore.o(.data)
    endmem                                   0x20000004   Data           4  chmemcore.o(.data)
    .data                                    0x20000008   Section        8  ext_lld.o(.data)
    .data                                    0x20000010   Section        4  tm.o(.data)
    measurement_offset                       0x20000010   Data           4  tm.o(.data)
    .data                                    0x20000014   Section        4  spi_lld.o(.data)
    dummytx                                  0x20000014   Data           2  spi_lld.o(.data)
    dummyrx                                  0x20000016   Data           2  spi_lld.o(.data)
    .data                                    0x20000018   Section        4  stm32_dma.o(.data)
    dma_streams_mask                         0x20000018   Data           4  stm32_dma.o(.data)
    .data                                    0x2000001c   Section       10  racecontrol.o(.data)
    .data                                    0x20000026   Section       18  gcs.o(.data)
    .data                                    0x20000038   Section      110  flash.o(.data)
    .data                                    0x200000a6   Section        2  eeprom.o(.data)
    .bss                                     0x200000a8   Section       32  chheap.o(.bss)
    default_heap                             0x200000a8   Data          32  chheap.o(.bss)
    .bss                                     0x200000c8   Section       32  chschd.o(.bss)
    .bss                                     0x200000e8   Section      400  chsys.o(.bss)
    mainthread                               0x200000e8   Data          72  chsys.o(.bss)
    .bss                                     0x20000278   Section       16  chvt.o(.bss)
    .bss                                     0x20000288   Section      156  adc_lld.o(.bss)
    .bss                                     0x20000324   Section       40  pwm_lld.o(.bss)
    .bss                                     0x2000034c   Section     2132  serial_lld.o(.bss)
    .bss                                     0x20000ba0   Section       96  spi_lld.o(.bss)
    .bss                                     0x20000c00   Section      128  stm32_dma.o(.bss)
    dma_isr_redir                            0x20000c00   Data         128  stm32_dma.o(.bss)
    .bss                                     0x20000c80   Section       52  i2c_lld.o(.bss)
    .bss                                     0x20000cb4   Section       16  gpt_lld.o(.bss)
    .bss                                     0x20000cc4   Section     2080  racecontrol.o(.bss)
    TimeMonitor1                             0x200014bc   Data          20  racecontrol.o(.bss)
    raceStartTimer                           0x200014d0   Data          20  racecontrol.o(.bss)
    .bss                                     0x200014e8   Section    10568  gcs.o(.bss)
    m_mavlink_status                         0x200014e8   Data          48  gcs.o(.bss)
    m_mavlink_buffer                         0x20001518   Data        1088  gcs.o(.bss)
    MavlinkParamlistThreadWorkingArea        0x20001980   Data        2360  gcs.o(.bss)
    MavlinkHeartbeatThreadWorkingArea        0x200023c0   Data        2360  gcs.o(.bss)
    waThreadRadio                            0x20002cf8   Data        4408  gcs.o(.bss)
    CSTACK                                   0x20003e30   Section     1024  cstartup.o(CSTACK)
    proc_stack_mem                           0x20003e30   Data        1024  cstartup.o(CSTACK)
    HEAP                                     0x20004230   Section     1024  cstartup.o(HEAP)
    Heap_Mem                                 0x20004230   Data        1024  cstartup.o(HEAP)
    MSTACK                                   0x20004630   Section     1024  cstartup.o(MSTACK)

    Global Symbols

    Symbol Name                              Value     Ov Type        Size  Object(Section)

    BuildAttributes$$THM_ISAv4$E$P$D$K$B$S$7EM$VFPi3$EXTD16$VFPS$VFMA$PE$A:L22UL41UL21$X:L11$S22US41US21$IEEE1$IW$USESV6$~STKCKD$USESV7$~SHL$OSPACE$ROPI$EBA8$UX$STANDARDLIB$REQ8$PRES8$EABIv2 0x00000000   Number         0  anon$$obj.o ABSOLUTE
    __ARM_use_no_argv                        0x00000000   Number         0  main.o ABSOLUTE
    __ARM_exceptions_init                     - Undefined Weak Reference
    __alloca_initialize                       - Undefined Weak Reference
    __cpp_initialize__aeabi_                  - Undefined Weak Reference
    __cxa_finalize                            - Undefined Weak Reference
    __rt_locale                               - Undefined Weak Reference
    __sigvec_lookup                           - Undefined Weak Reference
    _atexit_init                              - Undefined Weak Reference
    _call_atexit_fns                          - Undefined Weak Reference
    _clock_init                               - Undefined Weak Reference
    _fp_trap_init                             - Undefined Weak Reference
    _fp_trap_shutdown                         - Undefined Weak Reference
    _get_lc_collate                           - Undefined Weak Reference
    _get_lc_ctype                             - Undefined Weak Reference
    _get_lc_monetary                          - Undefined Weak Reference
    _get_lc_numeric                           - Undefined Weak Reference
    _get_lc_time                              - Undefined Weak Reference
    _getenv_init                              - Undefined Weak Reference
    _handle_redirection                       - Undefined Weak Reference
    _init_alloc                               - Undefined Weak Reference
    _init_user_alloc                          - Undefined Weak Reference
    _initio                                   - Undefined Weak Reference
    _rand_init                                - Undefined Weak Reference
    _signal_finish                            - Undefined Weak Reference
    _signal_init                              - Undefined Weak Reference
    _terminate_alloc                          - Undefined Weak Reference
    _terminate_user_alloc                     - Undefined Weak Reference
    _terminateio                              - Undefined Weak Reference
    __Vectors                                0x08000000   Data           0  vectors.o(RESET)
    __main                                   0x08000189   Thumb Code     8  __main.o(!!!main)
    __scatterload                            0x08000191   Thumb Code     0  __scatter.o(!!!scatter)
    __scatterload_rt2                        0x08000191   Thumb Code    44  __scatter.o(!!!scatter)
    __scatterload_rt2_thumb_only             0x08000191   Thumb Code     0  __scatter.o(!!!scatter)
    __scatterload_null                       0x0800019f   Thumb Code     0  __scatter.o(!!!scatter)
    __scatterload_copy                       0x080001c5   Thumb Code    26  __scatter_copy.o(!!handler_copy)
    __scatterload_zeroinit                   0x080001e1   Thumb Code    28  __scatter_zi.o(!!handler_zi)
    __rt_lib_init                            0x080001fd   Thumb Code     0  libinit.o(.ARM.Collect$$libinit$$00000000)
    __rt_lib_init_fp_1                       0x080001ff   Thumb Code     0  libinit2.o(.ARM.Collect$$libinit$$00000001)
    __rt_lib_init_alloca_1                   0x08000203   Thumb Code     0  libinit2.o(.ARM.Collect$$libinit$$0000002C)
    __rt_lib_init_argv_1                     0x08000203   Thumb Code     0  libinit2.o(.ARM.Collect$$libinit$$0000002A)
    __rt_lib_init_atexit_1                   0x08000203   Thumb Code     0  libinit2.o(.ARM.Collect$$libinit$$00000019)
    __rt_lib_init_clock_1                    0x08000203   Thumb Code     0  libinit2.o(.ARM.Collect$$libinit$$0000001F)
    __rt_lib_init_cpp_1                      0x08000203   Thumb Code     0  libinit2.o(.ARM.Collect$$libinit$$00000030)
    __rt_lib_init_exceptions_1               0x08000203   Thumb Code     0  libinit2.o(.ARM.Collect$$libinit$$0000002E)
    __rt_lib_init_fp_trap_1                  0x08000203   Thumb Code     0  libinit2.o(.ARM.Collect$$libinit$$0000001D)
    __rt_lib_init_getenv_1                   0x08000203   Thumb Code     0  libinit2.o(.ARM.Collect$$libinit$$00000021)
    __rt_lib_init_heap_1                     0x08000203   Thumb Code     0  libinit2.o(.ARM.Collect$$libinit$$00000008)
    __rt_lib_init_lc_collate_1               0x08000203   Thumb Code     0  libinit2.o(.ARM.Collect$$libinit$$0000000F)
    __rt_lib_init_lc_ctype_1                 0x08000203   Thumb Code     0  libinit2.o(.ARM.Collect$$libinit$$00000011)
    __rt_lib_init_lc_monetary_1              0x08000203   Thumb Code     0  libinit2.o(.ARM.Collect$$libinit$$00000013)
    __rt_lib_init_lc_numeric_1               0x08000203   Thumb Code     0  libinit2.o(.ARM.Collect$$libinit$$00000015)
    __rt_lib_init_lc_time_1                  0x08000203   Thumb Code     0  libinit2.o(.ARM.Collect$$libinit$$00000017)
    __rt_lib_init_rand_1                     0x08000203   Thumb Code     0  libinit2.o(.ARM.Collect$$libinit$$0000000C)
    __rt_lib_init_return                     0x08000203   Thumb Code     0  libinit2.o(.ARM.Collect$$libinit$$00000031)
    __rt_lib_init_signal_1                   0x08000203   Thumb Code     0  libinit2.o(.ARM.Collect$$libinit$$0000001B)
    __rt_lib_init_stdio_1                    0x08000203   Thumb Code     0  libinit2.o(.ARM.Collect$$libinit$$00000023)
    __rt_lib_init_user_alloc_1               0x08000203   Thumb Code     0  libinit2.o(.ARM.Collect$$libinit$$0000000A)
    __rt_lib_shutdown                        0x08000205   Thumb Code     0  libshutdown.o(.ARM.Collect$$libshutdown$$00000000)
    __rt_lib_shutdown_fp_trap_1              0x08000207   Thumb Code     0  libshutdown2.o(.ARM.Collect$$libshutdown$$00000006)
    __rt_lib_shutdown_heap_1                 0x08000207   Thumb Code     0  libshutdown2.o(.ARM.Collect$$libshutdown$$0000000E)
    __rt_lib_shutdown_return                 0x08000207   Thumb Code     0  libshutdown2.o(.ARM.Collect$$libshutdown$$0000000F)
    __rt_lib_shutdown_signal_1               0x08000207   Thumb Code     0  libshutdown2.o(.ARM.Collect$$libshutdown$$00000009)
    __rt_lib_shutdown_stdio_1                0x08000207   Thumb Code     0  libshutdown2.o(.ARM.Collect$$libshutdown$$00000003)
    __rt_lib_shutdown_user_alloc_1           0x08000207   Thumb Code     0  libshutdown2.o(.ARM.Collect$$libshutdown$$0000000B)
    __rt_entry                               0x08000209   Thumb Code     0  rtentry.o(.ARM.Collect$$rtentry$$00000000)
    __rt_entry_presh_1                       0x08000209   Thumb Code     0  rtentry2.o(.ARM.Collect$$rtentry$$00000002)
    __rt_entry_sh                            0x08000209   Thumb Code     0  rtentry5.o(.ARM.Collect$$rtentry$$00000005)
    __rt_entry_li                            0x0800020d   Thumb Code     0  rtentry2.o(.ARM.Collect$$rtentry$$0000000A)
    __rt_entry_postsh_1                      0x0800020d   Thumb Code     0  rtentry2.o(.ARM.Collect$$rtentry$$00000009)
    __rt_entry_main                          0x08000211   Thumb Code     0  rtentry2.o(.ARM.Collect$$rtentry$$0000000D)
    __rt_entry_postli_1                      0x08000211   Thumb Code     0  rtentry2.o(.ARM.Collect$$rtentry$$0000000C)
    __rt_exit                                0x0800021d   Thumb Code     0  rtexit.o(.ARM.Collect$$rtexit$$00000000)
    __rt_exit_ls                             0x0800021f   Thumb Code     0  rtexit2.o(.ARM.Collect$$rtexit$$00000003)
    __rt_exit_prels_1                        0x0800021f   Thumb Code     0  rtexit2.o(.ARM.Collect$$rtexit$$00000002)
    __rt_exit_exit                           0x08000223   Thumb Code     0  rtexit2.o(.ARM.Collect$$rtexit$$00000004)
    __early_init                             0x08000229   Thumb Code     8  board.o(.text)
    boardInit                                0x08000231   Thumb Code     2  board.o(.text)
    Reset_Handler                            0x08000235   Thumb Code    36  cstartup.o(.text)
    __user_initial_stackheap                 0x0800025d   Thumb Code     0  cstartup.o(.text)
    _port_switch                             0x08000285   Thumb Code    24  chcoreasm_v7m.o(.text)
    _port_thread_start                       0x0800029d   Thumb Code    14  chcoreasm_v7m.o(.text)
    _port_switch_from_isr                    0x080002ab   Thumb Code     6  chcoreasm_v7m.o(.text)
    _port_exit_from_isr                      0x080002af   Thumb Code     0  chcoreasm_v7m.o(.text)
    port_halt                                0x080002b1   Thumb Code     6  chcore.o(.text)
    _port_irq_epilogue                       0x080002b9   Thumb Code   134  chcore_v7m.o(.text)
    SysTickVector                            0x0800033f   Thumb Code    24  chcore_v7m.o(.text)
    SVCallVector                             0x08000357   Thumb Code    36  chcore_v7m.o(.text)
    _port_init                               0x0800037b   Thumb Code    76  chcore_v7m.o(.text)
    BusFaultVector                           0x080003e1   Thumb Code     0  vectors.o(.text)
    DebugMonitorVector                       0x080003e1   Thumb Code     0  vectors.o(.text)
    HardFaultVector                          0x080003e1   Thumb Code     0  vectors.o(.text)
    MemManageVector                          0x080003e1   Thumb Code     0  vectors.o(.text)
    NMIVector                                0x080003e1   Thumb Code     0  vectors.o(.text)
    PendSVVector                             0x080003e1   Thumb Code     0  vectors.o(.text)
    UsageFaultVector                         0x080003e1   Thumb Code     0  vectors.o(.text)
    Vector100                                0x080003e1   Thumb Code     0  vectors.o(.text)
    Vector104                                0x080003e1   Thumb Code     0  vectors.o(.text)
    Vector10C                                0x080003e1   Thumb Code     0  vectors.o(.text)
    Vector110                                0x080003e1   Thumb Code     0  vectors.o(.text)
    Vector114                                0x080003e1   Thumb Code     0  vectors.o(.text)
    Vector118                                0x080003e1   Thumb Code     0  vectors.o(.text)
    Vector11C                                0x080003e1   Thumb Code     0  vectors.o(.text)
    Vector134                                0x080003e1   Thumb Code     0  vectors.o(.text)
    Vector13C                                0x080003e1   Thumb Code     0  vectors.o(.text)
    Vector140                                0x080003e1   Thumb Code     0  vectors.o(.text)
    Vector144                                0x080003e1   Thumb Code     0  vectors.o(.text)
    Vector148                                0x080003e1   Thumb Code     0  vectors.o(.text)
    Vector14C                                0x080003e1   Thumb Code     0  vectors.o(.text)
    Vector15C                                0x080003e1   Thumb Code     0  vectors.o(.text)
    Vector160                                0x080003e1   Thumb Code     0  vectors.o(.text)
    Vector164                                0x080003e1   Thumb Code     0  vectors.o(.text)
    Vector168                                0x080003e1   Thumb Code     0  vectors.o(.text)
    Vector16C                                0x080003e1   Thumb Code     0  vectors.o(.text)
    Vector174                                0x080003e1   Thumb Code     0  vectors.o(.text)
    Vector178                                0x080003e1   Thumb Code     0  vectors.o(.text)
    Vector17C                                0x080003e1   Thumb Code     0  vectors.o(.text)
    Vector180                                0x080003e1   Thumb Code     0  vectors.o(.text)
    Vector184                                0x080003e1   Thumb Code     0  vectors.o(.text)
    Vector1C                                 0x080003e1   Thumb Code     0  vectors.o(.text)
    Vector20                                 0x080003e1   Thumb Code     0  vectors.o(.text)
    Vector24                                 0x080003e1   Thumb Code     0  vectors.o(.text)
    Vector28                                 0x080003e1   Thumb Code     0  vectors.o(.text)
    Vector34                                 0x080003e1   Thumb Code     0  vectors.o(.text)
    Vector40                                 0x080003e1   Thumb Code     0  vectors.o(.text)
    Vector48                                 0x080003e1   Thumb Code     0  vectors.o(.text)
    Vector50                                 0x080003e1   Thumb Code     0  vectors.o(.text)
    Vector54                                 0x080003e1   Thumb Code     0  vectors.o(.text)
    Vector8C                                 0x080003e1   Thumb Code     0  vectors.o(.text)
    Vector90                                 0x080003e1   Thumb Code     0  vectors.o(.text)
    Vector94                                 0x080003e1   Thumb Code     0  vectors.o(.text)
    Vector98                                 0x080003e1   Thumb Code     0  vectors.o(.text)
    VectorA0                                 0x080003e1   Thumb Code     0  vectors.o(.text)
    VectorA4                                 0x080003e1   Thumb Code     0  vectors.o(.text)
    VectorA8                                 0x080003e1   Thumb Code     0  vectors.o(.text)
    VectorAC                                 0x080003e1   Thumb Code     0  vectors.o(.text)
    VectorB4                                 0x080003e1   Thumb Code     0  vectors.o(.text)
    VectorC4                                 0x080003e1   Thumb Code     0  vectors.o(.text)
    VectorC8                                 0x080003e1   Thumb Code     0  vectors.o(.text)
    VectorCC                                 0x080003e1   Thumb Code     0  vectors.o(.text)
    VectorD0                                 0x080003e1   Thumb Code     0  vectors.o(.text)
    VectorD4                                 0x080003e1   Thumb Code     0  vectors.o(.text)
    VectorDC                                 0x080003e1   Thumb Code     0  vectors.o(.text)
    VectorE4                                 0x080003e1   Thumb Code     0  vectors.o(.text)
    VectorEC                                 0x080003e1   Thumb Code     0  vectors.o(.text)
    VectorF0                                 0x080003e1   Thumb Code     0  vectors.o(.text)
    VectorF4                                 0x080003e1   Thumb Code     0  vectors.o(.text)
    VectorF8                                 0x080003e1   Thumb Code     0  vectors.o(.text)
    _unhandled_exception                     0x080003e1   Thumb Code     2  vectors.o(.text)
    nvicEnableVector                         0x080003e5   Thumb Code    74  nvic.o(.text)
    nvicDisableVector                        0x0800042f   Thumb Code    46  nvic.o(.text)
    nvicSetSystemHandlerPriority             0x0800045d   Thumb Code    36  nvic.o(.text)
    chThdAddRef                              0x08000491   Thumb Code    20  chdynamic.o(.text)
    chThdRelease                             0x080004a5   Thumb Code    96  chdynamic.o(.text)
    chThdCreateFromHeap                      0x08000505   Thumb Code    80  chdynamic.o(.text)
    chThdCreateFromMemoryPool                0x08000555   Thumb Code    80  chdynamic.o(.text)
    chEvtRegisterMask                        0x080005a5   Thumb Code    28  chevents.o(.text)
    chEvtUnregister                          0x080005c1   Thumb Code    42  chevents.o(.text)
    chEvtClearFlags                          0x080005eb   Thumb Code    40  chevents.o(.text)
    chEvtAddFlags                            0x08000613   Thumb Code    30  chevents.o(.text)
    chEvtSignalFlagsI                        0x08000631   Thumb Code    54  chevents.o(.text)
    chEvtSignalFlags                         0x08000667   Thumb Code    32  chevents.o(.text)
    chEvtBroadcastFlagsI                     0x08000687   Thumb Code    30  chevents.o(.text)
    chEvtBroadcastFlags                      0x080006a5   Thumb Code    32  chevents.o(.text)
    chEvtDispatch                            0x080006c5   Thumb Code    40  chevents.o(.text)
    chEvtWaitOne                             0x080006ed   Thumb Code    56  chevents.o(.text)
    chEvtWaitAny                             0x08000725   Thumb Code    52  chevents.o(.text)
    chEvtWaitAll                             0x08000759   Thumb Code    46  chevents.o(.text)
    chEvtWaitOneTimeout                      0x08000787   Thumb Code    84  chevents.o(.text)
    chEvtWaitAnyTimeout                      0x080007db   Thumb Code    80  chevents.o(.text)
    chEvtWaitAllTimeout                      0x0800082b   Thumb Code    72  chevents.o(.text)
    _heap_init                               0x08000879   Thumb Code    26  chheap.o(.text)
    chHeapInit                               0x08000893   Thumb Code    42  chheap.o(.text)
    chHeapAlloc                              0x080008bd   Thumb Code   142  chheap.o(.text)
    chHeapFree                               0x0800094b   Thumb Code   128  chheap.o(.text)
    chHeapStatus                             0x080009cb   Thumb Code    64  chheap.o(.text)
    _core_init                               0x08000a15   Thumb Code    22  chmemcore.o(.text)
    chCoreAllocI                             0x08000a2b   Thumb Code    42  chmemcore.o(.text)
    chCoreAlloc                              0x08000a55   Thumb Code    28  chmemcore.o(.text)
    chCoreStatus                             0x08000a71   Thumb Code    12  chmemcore.o(.text)
    chPoolInit                               0x08000a8d   Thumb Code    16  chmempools.o(.text)
    chPoolAllocI                             0x08000a9d   Thumb Code    34  chmempools.o(.text)
    chPoolAlloc                              0x08000abf   Thumb Code    28  chmempools.o(.text)
    chPoolFreeI                              0x08000adb   Thumb Code    10  chmempools.o(.text)
    chPoolFree                               0x08000ae5   Thumb Code    28  chmempools.o(.text)
    chMtxInit                                0x08000b25   Thumb Code    10  chmtx.o(.text)
    chMtxLockS                               0x08000b2f   Thumb Code   132  chmtx.o(.text)
    chMtxLock                                0x08000bb3   Thumb Code    24  chmtx.o(.text)
    chMtxTryLockS                            0x08000bcb   Thumb Code    34  chmtx.o(.text)
    chMtxTryLock                             0x08000bed   Thumb Code    28  chmtx.o(.text)
    chMtxUnlock                              0x08000c09   Thumb Code   106  chmtx.o(.text)
    chMtxUnlockS                             0x08000c73   Thumb Code    92  chmtx.o(.text)
    chMtxUnlockAll                           0x08000ccf   Thumb Code    80  chmtx.o(.text)
    chIQInit                                 0x08000d6d   Thumb Code    24  chqueues.o(.text)
    chIQResetI                               0x08000d85   Thumb Code    42  chqueues.o(.text)
    chIQPutI                                 0x08000daf   Thumb Code    84  chqueues.o(.text)
    chIQGetTimeout                           0x08000e03   Thumb Code   102  chqueues.o(.text)
    chIQReadTimeout                          0x08000e69   Thumb Code   136  chqueues.o(.text)
    chOQInit                                 0x08000ef1   Thumb Code    22  chqueues.o(.text)
    chOQResetI                               0x08000f07   Thumb Code    46  chqueues.o(.text)
    chOQPutTimeout                           0x08000f35   Thumb Code   104  chqueues.o(.text)
    chOQGetI                                 0x08000f9d   Thumb Code    82  chqueues.o(.text)
    chOQWriteTimeout                         0x08000fef   Thumb Code   136  chqueues.o(.text)
    _scheduler_init                          0x08001089   Thumb Code    24  chschd.o(.text)
    chSchReadyI                              0x080010a1   Thumb Code    32  chschd.o(.text)
    chSchGoSleepS                            0x080010c1   Thumb Code    46  chschd.o(.text)
    chSchGoSleepTimeoutS                     0x0800113b   Thumb Code    62  chschd.o(.text)
    chSchWakeupS                             0x08001179   Thumb Code    64  chschd.o(.text)
    chSchDoReschedule                        0x080011b9   Thumb Code    44  chschd.o(.text)
    chSchRescheduleS                         0x080011e5   Thumb Code    24  chschd.o(.text)
    _idle_thread                             0x08001211   Thumb Code    12  chsys.o(.text)
    chSysInit                                0x0800121d   Thumb Code    78  chsys.o(.text)
    chSysTimerHandlerI                       0x0800126b   Thumb Code   104  chsys.o(.text)
    _thread_init                             0x080012f5   Thumb Code    56  chthreads.o(.text)
    chThdCreateI                             0x0800132d   Thumb Code    54  chthreads.o(.text)
    chThdCreateStatic                        0x08001363   Thumb Code    60  chthreads.o(.text)
    chThdSetPriority                         0x0800139f   Thumb Code    68  chthreads.o(.text)
    chThdResume                              0x080013e3   Thumb Code    28  chthreads.o(.text)
    chThdTerminate                           0x080013ff   Thumb Code    22  chthreads.o(.text)
    chThdSleep                               0x08001415   Thumb Code    26  chthreads.o(.text)
    chThdSleepUntil                          0x0800142f   Thumb Code    36  chthreads.o(.text)
    chThdYield                               0x08001453   Thumb Code    36  chthreads.o(.text)
    chThdExitS                               0x08001477   Thumb Code    66  chthreads.o(.text)
    chThdExit                                0x080014b9   Thumb Code    18  chthreads.o(.text)
    chThdWait                                0x080014cb   Thumb Code    52  chthreads.o(.text)
    _vt_init                                 0x0800150d   Thumb Code    20  chvt.o(.text)
    chVTSetI                                 0x08001521   Thumb Code    54  chvt.o(.text)
    chVTResetI                               0x08001557   Thumb Code    38  chvt.o(.text)
    chTimeIsWithin                           0x0800157d   Thumb Code    42  chvt.o(.text)
    adcInit                                  0x080015ad   Thumb Code     8  adc.o(.text)
    adcObjectInit                            0x080015b5   Thumb Code    30  adc.o(.text)
    adcStart                                 0x080015d3   Thumb Code    32  adc.o(.text)
    adcStop                                  0x080015f3   Thumb Code    28  adc.o(.text)
    adcStartConversionI                      0x0800160f   Thumb Code    32  adc.o(.text)
    adcStartConversion                       0x0800162f   Thumb Code    40  adc.o(.text)
    adcStopConversion                        0x08001657   Thumb Code    58  adc.o(.text)
    adcStopConversionI                       0x08001691   Thumb Code    48  adc.o(.text)
    adcConvert                               0x080016c1   Thumb Code    62  adc.o(.text)
    adcAcquireBus                            0x080016ff   Thumb Code    14  adc.o(.text)
    adcReleaseBus                            0x0800170d   Thumb Code    10  adc.o(.text)
    halInit                                  0x0800171d   Thumb Code    54  hal.o(.text)
    halIsCounterWithin                       0x08001753   Thumb Code    42  hal.o(.text)
    halPolledDelay                           0x0800177d   Thumb Code    26  hal.o(.text)
    pwmInit                                  0x080017a1   Thumb Code     8  pwm.o(.text)
    pwmObjectInit                            0x080017a9   Thumb Code    10  pwm.o(.text)
    pwmStart                                 0x080017b3   Thumb Code    36  pwm.o(.text)
    pwmStop                                  0x080017d7   Thumb Code    28  pwm.o(.text)
    pwmChangePeriod                          0x080017f3   Thumb Code    24  pwm.o(.text)
    pwmEnableChannel                         0x0800180b   Thumb Code    32  pwm.o(.text)
    pwmDisableChannel                        0x0800182b   Thumb Code    28  pwm.o(.text)
    sdInit                                   0x08001911   Thumb Code     8  serial.o(.text)
    sdObjectInit                             0x08001919   Thumb Code    60  serial.o(.text)
    sdStart                                  0x08001955   Thumb Code    32  serial.o(.text)
    sdStop                                   0x08001975   Thumb Code    48  serial.o(.text)
    sdIncomingDataI                          0x080019a5   Thumb Code    66  serial.o(.text)
    sdRequestDataI                           0x080019e7   Thumb Code    38  serial.o(.text)
    spiInit                                  0x08001a11   Thumb Code     8  spi.o(.text)
    spiObjectInit                            0x08001a19   Thumb Code    24  spi.o(.text)
    spiStart                                 0x08001a31   Thumb Code    32  spi.o(.text)
    spiStop                                  0x08001a51   Thumb Code    34  spi.o(.text)
    spiSelect                                0x08001a73   Thumb Code    24  spi.o(.text)
    spiUnselect                              0x08001a8b   Thumb Code    24  spi.o(.text)
    spiStartIgnore                           0x08001aa3   Thumb Code    32  spi.o(.text)
    spiStartExchange                         0x08001ac3   Thumb Code    44  spi.o(.text)
    spiStartSend                             0x08001aef   Thumb Code    36  spi.o(.text)
    spiStartReceive                          0x08001b13   Thumb Code    36  spi.o(.text)
    spiIgnore                                0x08001b37   Thumb Code    44  spi.o(.text)
    spiExchange                              0x08001b63   Thumb Code    56  spi.o(.text)
    spiSend                                  0x08001b9b   Thumb Code    48  spi.o(.text)
    spiReceive                               0x08001bcb   Thumb Code    48  spi.o(.text)
    spiAcquireBus                            0x08001bfb   Thumb Code    14  spi.o(.text)
    spiReleaseBus                            0x08001c09   Thumb Code    10  spi.o(.text)
    i2cInit                                  0x08001c19   Thumb Code     8  i2c.o(.text)
    i2cObjectInit                            0x08001c21   Thumb Code    22  i2c.o(.text)
    i2cStart                                 0x08001c37   Thumb Code    32  i2c.o(.text)
    i2cStop                                  0x08001c57   Thumb Code    28  i2c.o(.text)
    i2cGetErrors                             0x08001c73   Thumb Code     6  i2c.o(.text)
    i2cMasterTransmitTimeout                 0x08001c79   Thumb Code    78  i2c.o(.text)
    i2cMasterReceiveTimeout                  0x08001cc7   Thumb Code    74  i2c.o(.text)
    i2cAcquireBus                            0x08001d11   Thumb Code    14  i2c.o(.text)
    i2cReleaseBus                            0x08001d1f   Thumb Code    10  i2c.o(.text)
    extInit                                  0x08001d29   Thumb Code     8  ext.o(.text)
    extObjectInit                            0x08001d31   Thumb Code    10  ext.o(.text)
    extStart                                 0x08001d3b   Thumb Code    32  ext.o(.text)
    extStop                                  0x08001d5b   Thumb Code    28  ext.o(.text)
    extChannelEnable                         0x08001d77   Thumb Code    28  ext.o(.text)
    extChannelDisable                        0x08001d93   Thumb Code    28  ext.o(.text)
    Vector58                                 0x08001db1   Thumb Code    26  ext_lld.o(.text)
    Vector5C                                 0x08001dcb   Thumb Code    26  ext_lld.o(.text)
    Vector60                                 0x08001de5   Thumb Code    26  ext_lld.o(.text)
    Vector64                                 0x08001dff   Thumb Code    26  ext_lld.o(.text)
    Vector68                                 0x08001e19   Thumb Code    26  ext_lld.o(.text)
    Vector9C                                 0x08001e33   Thumb Code   110  ext_lld.o(.text)
    VectorE0                                 0x08001ea1   Thumb Code   128  ext_lld.o(.text)
    Vector44                                 0x08001f21   Thumb Code    30  ext_lld.o(.text)
    RTCAlarm_IRQHandler                      0x08001f3f   Thumb Code    30  ext_lld.o(.text)
    VectorE8                                 0x08001f5d   Thumb Code    30  ext_lld.o(.text)
    Vector138                                0x08001f7b   Thumb Code    30  ext_lld.o(.text)
    Vector170                                0x08001f99   Thumb Code    30  ext_lld.o(.text)
    TAMPER_STAMP_IRQHandler                  0x08001fb7   Thumb Code    30  ext_lld.o(.text)
    Vector4C                                 0x08001fd5   Thumb Code    30  ext_lld.o(.text)
    ext_lld_init                             0x08001ff3   Thumb Code    10  ext_lld.o(.text)
    ext_lld_start                            0x08001ffd   Thumb Code   306  ext_lld.o(.text)
    ext_lld_stop                             0x0800212f   Thumb Code   130  ext_lld.o(.text)
    ext_lld_channel_enable                   0x080021b1   Thumb Code   106  ext_lld.o(.text)
    ext_lld_channel_disable                  0x0800221b   Thumb Code    74  ext_lld.o(.text)
    mmcInit                                  0x08002449   Thumb Code     2  mmc_spi.o(.text)
    mmcObjectInit                            0x0800244b   Thumb Code    38  mmc_spi.o(.text)
    mmcStart                                 0x08002471   Thumb Code    44  mmc_spi.o(.text)
    mmcStop                                  0x0800249d   Thumb Code    42  mmc_spi.o(.text)
    mmcConnect                               0x080024c7   Thumb Code   294  mmc_spi.o(.text)
    mmcDisconnect                            0x080025ed   Thumb Code    64  mmc_spi.o(.text)
    mmcStartSequentialRead                   0x0800262d   Thumb Code   134  mmc_spi.o(.text)
    mmcSequentialRead                        0x080026b3   Thumb Code   120  mmc_spi.o(.text)
    mmcStopSequentialRead                    0x0800272b   Thumb Code    82  mmc_spi.o(.text)
    mmcStartSequentialWrite                  0x0800277d   Thumb Code   122  mmc_spi.o(.text)
    mmcSequentialWrite                       0x080027f7   Thumb Code   128  mmc_spi.o(.text)
    mmcStopSequentialWrite                   0x08002877   Thumb Code    82  mmc_spi.o(.text)
    tmObjectInit                             0x08002909   Thumb Code    20  tm.o(.text)
    tmInit                                   0x0800291d   Thumb Code    38  tm.o(.text)
    gptInit                                  0x08002955   Thumb Code     8  gpt.o(.text)
    gptObjectInit                            0x0800295d   Thumb Code    10  gpt.o(.text)
    gptStart                                 0x08002967   Thumb Code    32  gpt.o(.text)
    gptStop                                  0x08002987   Thumb Code    28  gpt.o(.text)
    gptStartContinuousI                      0x080029a3   Thumb Code    20  gpt.o(.text)
    gptStartContinuous                       0x080029b7   Thumb Code    28  gpt.o(.text)
    gptStartOneShotI                         0x080029d3   Thumb Code    20  gpt.o(.text)
    gptStartOneShot                          0x080029e7   Thumb Code    28  gpt.o(.text)
    gptStopTimerI                            0x08002a03   Thumb Code    16  gpt.o(.text)
    gptStopTimer                             0x08002a13   Thumb Code    24  gpt.o(.text)
    gptPolledDelay                           0x08002a2b   Thumb Code    24  gpt.o(.text)
    adc_lld_stop_conversion                  0x08002a45   Thumb Code    62  adc_lld.o(.text)
    Vector88                                 0x08002bbd   Thumb Code   390  adc_lld.o(.text)
    adc_lld_init                             0x08002d43   Thumb Code    82  adc_lld.o(.text)
    adc_lld_start                            0x08002d95   Thumb Code   160  adc_lld.o(.text)
    adc_lld_stop                             0x08002e35   Thumb Code    82  adc_lld.o(.text)
    adc_lld_start_conversion                 0x08002e87   Thumb Code   136  adc_lld.o(.text)
    adcSTM32EnableTSVREFE                    0x08002f0f   Thumb Code    16  adc_lld.o(.text)
    adcSTM32DisableTSVREFE                   0x08002f1f   Thumb Code    16  adc_lld.o(.text)
    adcSTM32EnableVBATE                      0x08002f2f   Thumb Code    16  adc_lld.o(.text)
    adcSTM32DisableVBATE                     0x08002f3f   Thumb Code    16  adc_lld.o(.text)
    hal_lld_init                             0x08002fcd   Thumb Code   152  hal_lld.o(.text)
    stm32_clock_init                         0x08003065   Thumb Code   242  hal_lld.o(.text)
    _pal_lld_init                            0x08003197   Thumb Code   126  pal_lld.o(.text)
    _pal_lld_setgroupmode                    0x08003215   Thumb Code   216  pal_lld.o(.text)
    VectorB8                                 0x08003373   Thumb Code    14  pwm_lld.o(.text)
    Vector108                                0x08003381   Thumb Code    14  pwm_lld.o(.text)
    pwm_lld_init                             0x0800338f   Thumb Code    28  pwm_lld.o(.text)
    pwm_lld_start                            0x080033ab   Thumb Code   368  pwm_lld.o(.text)
    pwm_lld_stop                             0x0800351b   Thumb Code    74  pwm_lld.o(.text)
    pwm_lld_enable_channel                   0x08003565   Thumb Code    58  pwm_lld.o(.text)
    pwm_lld_disable_channel                  0x0800359f   Thumb Code    26  pwm_lld.o(.text)
    VectorD8                                 0x08003777   Thumb Code    14  serial_lld.o(.text)
    sd_lld_init                              0x08003785   Thumb Code    24  serial_lld.o(.text)
    sd_lld_start                             0x0800379d   Thumb Code    52  serial_lld.o(.text)
    sd_lld_stop                              0x080037d1   Thumb Code    50  serial_lld.o(.text)
    spi_lld_init                             0x080038e5   Thumb Code    74  spi_lld.o(.text)
    spi_lld_start                            0x0800392f   Thumb Code   220  spi_lld.o(.text)
    spi_lld_stop                             0x08003a0b   Thumb Code    70  spi_lld.o(.text)
    spi_lld_select                           0x08003a51   Thumb Code    18  spi_lld.o(.text)
    spi_lld_unselect                         0x08003a63   Thumb Code    16  spi_lld.o(.text)
    spi_lld_ignore                           0x08003a73   Thumb Code    78  spi_lld.o(.text)
    spi_lld_exchange                         0x08003ac1   Thumb Code    84  spi_lld.o(.text)
    spi_lld_send                             0x08003b15   Thumb Code    82  spi_lld.o(.text)
    spi_lld_receive                          0x08003b67   Thumb Code    82  spi_lld.o(.text)
    spi_lld_polled_exchange                  0x08003bb9   Thumb Code    24  spi_lld.o(.text)
    Vector6C                                 0x08003c01   Thumb Code    38  stm32_dma.o(.text)
    Vector70                                 0x08003c27   Thumb Code    40  stm32_dma.o(.text)
    Vector74                                 0x08003c4f   Thumb Code    40  stm32_dma.o(.text)
    Vector78                                 0x08003c77   Thumb Code    40  stm32_dma.o(.text)
    Vector7C                                 0x08003c9f   Thumb Code    38  stm32_dma.o(.text)
    Vector80                                 0x08003cc5   Thumb Code    40  stm32_dma.o(.text)
    Vector84                                 0x08003ced   Thumb Code    40  stm32_dma.o(.text)
    VectorFC                                 0x08003d15   Thumb Code    40  stm32_dma.o(.text)
    Vector120                                0x08003d3d   Thumb Code    40  stm32_dma.o(.text)
    Vector124                                0x08003d65   Thumb Code    42  stm32_dma.o(.text)
    Vector128                                0x08003d8f   Thumb Code    42  stm32_dma.o(.text)
    Vector12C                                0x08003db9   Thumb Code    42  stm32_dma.o(.text)
    Vector130                                0x08003de3   Thumb Code    42  stm32_dma.o(.text)
    Vector150                                0x08003e0d   Thumb Code    44  stm32_dma.o(.text)
    Vector154                                0x08003e39   Thumb Code    44  stm32_dma.o(.text)
    Vector158                                0x08003e65   Thumb Code    44  stm32_dma.o(.text)
    dmaInit                                  0x08003e91   Thumb Code    58  stm32_dma.o(.text)
    dmaStreamAllocate                        0x08003ecb   Thumb Code   164  stm32_dma.o(.text)
    dmaStreamRelease                         0x08003f6f   Thumb Code    66  stm32_dma.o(.text)
    VectorBC                                 0x080043df   Thumb Code    14  i2c_lld.o(.text)
    VectorC0                                 0x080043ed   Thumb Code    14  i2c_lld.o(.text)
    i2c_lld_init                             0x080043fb   Thumb Code    28  i2c_lld.o(.text)
    i2c_lld_start                            0x08004417   Thumb Code   222  i2c_lld.o(.text)
    i2c_lld_stop                             0x080044f5   Thumb Code    60  i2c_lld.o(.text)
    i2c_lld_master_receive_timeout           0x08004531   Thumb Code   188  i2c_lld.o(.text)
    i2c_lld_master_transmit_timeout          0x080045ed   Thumb Code   210  i2c_lld.o(.text)
    gpt_lld_stop_timer                       0x080046d5   Thumb Code    16  gpt_lld.o(.text)
    VectorB0                                 0x08004709   Thumb Code    14  gpt_lld.o(.text)
    gpt_lld_init                             0x08004717   Thumb Code    18  gpt_lld.o(.text)
    gpt_lld_start                            0x08004729   Thumb Code    98  gpt_lld.o(.text)
    gpt_lld_stop                             0x0800478b   Thumb Code    50  gpt_lld.o(.text)
    gpt_lld_start_timer                      0x080047bd   Thumb Code    36  gpt_lld.o(.text)
    gpt_lld_polled_delay                     0x080047e1   Thumb Code    38  gpt_lld.o(.text)
    main                                     0x08004835   Thumb Code    54  main.o(.text)
    race_start_timer_handler(void*)          0x08004891   Thumb Code   276  racecontrol.o(.text)
    rx_channel1_interrupt(EXTDriver*, unsigned) 0x080049a5   Thumb Code    86  racecontrol.o(.text)
    rx_channel2_interrupt(EXTDriver*, unsigned) 0x080049fb   Thumb Code     2  racecontrol.o(.text)
    button_interrupt(EXTDriver*, unsigned)   0x080049fd   Thumb Code   134  racecontrol.o(.text)
    init_Racecontrol()                       0x08004a83   Thumb Code     2  racecontrol.o(.text)
    setup_ExternalInterrupt()                0x08004ab5   Thumb Code    12  externalinterrupt.o(.text)
    read_param_from_eeprom()                 0x08004d23   Thumb Code    52  gcs.o(.text)
    write_param_to_eeprom()                  0x08004d57   Thumb Code    56  gcs.o(.text)
    send_heartbeat()                         0x08004e0d   Thumb Code   140  gcs.o(.text)
    send_statustext(unsigned char, const char*) 0x08005081   Thumb Code   102  gcs.o(.text)
    setup_Mavlink()                          0x080050e7   Thumb Code   150  gcs.o(.text)
    FLASH_SetLatency                         0x08005305   Thumb Code     6  stm32f4xx_flash.o(.text)
    FLASH_PrefetchBufferCmd                  0x0800530b   Thumb Code    30  stm32f4xx_flash.o(.text)
    FLASH_InstructionCacheCmd                0x08005329   Thumb Code    30  stm32f4xx_flash.o(.text)
    FLASH_DataCacheCmd                       0x08005347   Thumb Code    30  stm32f4xx_flash.o(.text)
    FLASH_InstructionCacheReset              0x08005365   Thumb Code    14  stm32f4xx_flash.o(.text)
    FLASH_DataCacheReset                     0x08005373   Thumb Code    14  stm32f4xx_flash.o(.text)
    FLASH_Unlock                             0x08005381   Thumb Code    26  stm32f4xx_flash.o(.text)
    FLASH_Lock                               0x0800539b   Thumb Code    18  stm32f4xx_flash.o(.text)
    FLASH_GetStatus                          0x080053ad   Thumb Code    74  stm32f4xx_flash.o(.text)
    FLASH_WaitForLastOperation               0x080053f7   Thumb Code    34  stm32f4xx_flash.o(.text)
    FLASH_EraseSector                        0x08005419   Thumb Code   140  stm32f4xx_flash.o(.text)
    FLASH_EraseAllSectors                    0x080054a5   Thumb Code   112  stm32f4xx_flash.o(.text)
    FLASH_ProgramDoubleWord                  0x08005515   Thumb Code    88  stm32f4xx_flash.o(.text)
    FLASH_ProgramWord                        0x0800556d   Thumb Code    82  stm32f4xx_flash.o(.text)
    FLASH_ProgramHalfWord                    0x080055bf   Thumb Code    82  stm32f4xx_flash.o(.text)
    FLASH_ProgramByte                        0x08005611   Thumb Code    78  stm32f4xx_flash.o(.text)
    FLASH_OB_Unlock                          0x0800565f   Thumb Code    26  stm32f4xx_flash.o(.text)
    FLASH_OB_Lock                            0x08005679   Thumb Code    18  stm32f4xx_flash.o(.text)
    FLASH_OB_WRPConfig                       0x0800568b   Thumb Code    54  stm32f4xx_flash.o(.text)
    FLASH_OB_RDPConfig                       0x080056c1   Thumb Code    24  stm32f4xx_flash.o(.text)
    FLASH_OB_UserConfig                      0x080056d9   Thumb Code    68  stm32f4xx_flash.o(.text)
    FLASH_OB_BORConfig                       0x0800571d   Thumb Code    26  stm32f4xx_flash.o(.text)
    FLASH_OB_Launch                          0x08005737   Thumb Code    30  stm32f4xx_flash.o(.text)
    FLASH_OB_GetUser                         0x08005755   Thumb Code    12  stm32f4xx_flash.o(.text)
    FLASH_OB_GetWRP                          0x08005761   Thumb Code     8  stm32f4xx_flash.o(.text)
    FLASH_OB_GetRDP                          0x08005769   Thumb Code    20  stm32f4xx_flash.o(.text)
    FLASH_OB_GetBOR                          0x0800577d   Thumb Code    12  stm32f4xx_flash.o(.text)
    FLASH_ITConfig                           0x08005789   Thumb Code    34  stm32f4xx_flash.o(.text)
    FLASH_GetFlagStatus                      0x080057ab   Thumb Code    22  stm32f4xx_flash.o(.text)
    FLASH_ClearFlag                          0x080057c1   Thumb Code     8  stm32f4xx_flash.o(.text)
    setup_FLASH()                            0x080057cd   Thumb Code    44  flash.o(.text)
    EE_Format()                              0x080057fd   Thumb Code    54  eeprom.o(.text)
    EE_ReadVariable(unsigned short, unsigned short*) 0x080058e5   Thumb Code    92  eeprom.o(.text)
    EE_Init()                                0x08005941   Thumb Code   496  eeprom.o(.text)
    EE_WriteVariable(unsigned short, unsigned short) 0x08005c15   Thumb Code    36  eeprom.o(.text)
    EE_write_Float(unsigned short, unsigned short, float) 0x08005c39   Thumb Code    60  eeprom.o(.text)
    EE_read_Float(unsigned short, unsigned short) 0x08005c75   Thumb Code    56  eeprom.o(.text)
    strcpy                                   0x08005cad   Thumb Code    72  strcpy.o(.text)
    __aeabi_memcpy                           0x08005cf5   Thumb Code     0  rt_memcpy_v6.o(.text)
    __rt_memcpy                              0x08005cf5   Thumb Code   138  rt_memcpy_v6.o(.text)
    _memcpy_lastbytes                        0x08005d5b   Thumb Code     0  rt_memcpy_v6.o(.text)
    __aeabi_memcpy4                          0x08005d7f   Thumb Code     0  rt_memcpy_w.o(.text)
    __aeabi_memcpy8                          0x08005d7f   Thumb Code     0  rt_memcpy_w.o(.text)
    __rt_memcpy_w                            0x08005d7f   Thumb Code   100  rt_memcpy_w.o(.text)
    _memcpy_lastbytes_aligned                0x08005dc7   Thumb Code     0  rt_memcpy_w.o(.text)
    __aeabi_memclr                           0x08005de3   Thumb Code     0  rt_memclr.o(.text)
    __rt_memclr                              0x08005de3   Thumb Code    68  rt_memclr.o(.text)
    _memset                                  0x08005de7   Thumb Code     0  rt_memclr.o(.text)
    __use_two_region_memory                  0x08005e27   Thumb Code     2  heapauxi.o(.text)
    __rt_heap_escrow$2region                 0x08005e29   Thumb Code     2  heapauxi.o(.text)
    __rt_heap_expand$2region                 0x08005e2b   Thumb Code     2  heapauxi.o(.text)
    __aeabi_memclr4                          0x08005e2d   Thumb Code     0  rt_memclr_w.o(.text)
    __aeabi_memclr8                          0x08005e2d   Thumb Code     0  rt_memclr_w.o(.text)
    __rt_memclr_w                            0x08005e2d   Thumb Code    78  rt_memclr_w.o(.text)
    _memset_w                                0x08005e31   Thumb Code     0  rt_memclr_w.o(.text)
    exit                                     0x08005e7b   Thumb Code    12  exit.o(.text)
    _sys_exit                                0x08005e89   Thumb Code     8  sys_exit.o(.text)
    __I$use$semihosting                      0x08005e95   Thumb Code     0  use_no_semi.o(.text)
    __use_no_semihosting_swi                 0x08005e95   Thumb Code     2  use_no_semi.o(.text)
    __semihosting_library_function           0x08005e97   Thumb Code     0  indicate_semi.o(.text)
    _fp_init                                 0x08005e97   Thumb Code    10  fpinit.o(x$fpl$fpinit)
    __fplib_config_fpu_vfp                   0x08005e9f   Thumb Code     0  fpinit.o(x$fpl$fpinit)
    __fplib_config_pureend_doubles           0x08005e9f   Thumb Code     0  fpinit.o(x$fpl$fpinit)
    pal_default_config                       0x08005ea0   Data         252  board.o(.constdata)
    _stm32_dma_streams                       0x080060d8   Data         192  stm32_dma.o(.constdata)
    Region$$Table$$Base                      0x08006358   Number         0  anon$$obj.o(Region$$Table)
    Region$$Table$$Limit                     0x08006378   Number         0  anon$$obj.o(Region$$Table)
    EXTD1                                    0x20000008   Data           8  ext_lld.o(.data)
    raceCountdown                            0x2000001c   Data           1  racecontrol.o(.data)
    firstLap_1                               0x2000001d   Data           1  racecontrol.o(.data)
    lapCounter_1                             0x2000001e   Data           2  racecontrol.o(.data)
    firstLap_2                               0x20000020   Data           1  racecontrol.o(.data)
    lapCounter_2                             0x20000022   Data           2  racecontrol.o(.data)
    race_started                             0x20000024   Data           1  racecontrol.o(.data)
    greenLightToggle                         0x20000025   Data           1  racecontrol.o(.data)
    request_new_sd_log                       0x20000026   Data           1  gcs.o(.data)
    m_parameter_i                            0x20000028   Data           2  gcs.o(.data)
    mavlink_system                           0x2000002a   Data           6  gcs.o(.data)
    c                                        0x20000030   Data           1  gcs.o(.data)
    c_global                                 0x20000032   Data           2  gcs.o(.data)
    debug_param                              0x20000034   Data           2  gcs.o(.data)
    debug_cmd                                0x20000036   Data           2  gcs.o(.data)
    VirtAddVarTab                            0x20000038   Data         110  flash.o(.data)
    DataVar                                  0x200000a6   Data           2  eeprom.o(.data)
    rlist                                    0x200000c8   Data          32  chschd.o(.bss)
    _idle_thread_wa                          0x20000130   Data         328  chsys.o(.bss)
    vtlist                                   0x20000278   Data          16  chvt.o(.bss)
    ADCD1                                    0x20000288   Data          52  adc_lld.o(.bss)
    ADCD2                                    0x200002bc   Data          52  adc_lld.o(.bss)
    ADCD3                                    0x200002f0   Data          52  adc_lld.o(.bss)
    PWMD4                                    0x20000324   Data          20  pwm_lld.o(.bss)
    PWMD5                                    0x20000338   Data          20  pwm_lld.o(.bss)
    SD2                                      0x2000034c   Data        2132  serial_lld.o(.bss)
    SPID1                                    0x20000ba0   Data          48  spi_lld.o(.bss)
    SPID2                                    0x20000bd0   Data          48  spi_lld.o(.bss)
    I2CD1                                    0x20000c80   Data          52  i2c_lld.o(.bss)
    GPTD2                                    0x20000cb4   Data          16  gpt_lld.o(.bss)
    lapTimes_1                               0x20000cc4   Data        1020  racecontrol.o(.bss)
    lapTimes_2                               0x200010c0   Data        1020  racecontrol.o(.bss)
    global_data                              0x20001958   Data          40  gcs.o(.bss)
    buf                                      0x200022b8   Data         263  gcs.o(.bss)
    __main_thread_stack_base__               0x20003e30   Data           0  cstartup.o(CSTACK)
    __initial_sp                             0x20004230   Data           0  cstartup.o(CSTACK)
    Image$$RW_IRAM1$$ZI$$Limit               0x20004a30   Number         0  cstartup.o(MSTACK)
    __initial_msp                            0x20004a30   Data           0  cstartup.o(MSTACK)
    Image$$RW_IRAM2$$Base                    0x20020000   Number         0  anon$$obj.o(linker$$defined$$symbols)



==============================================================================

Memory Map of the image

  Image Entry point : 0x08000189

  Load Region LR_IROM1 (Base: 0x08000000, Size: 0x00006420, Max: 0x000c0000, ABSOLUTE)

    Execution Region ER_IROM1 (Base: 0x08000000, Size: 0x00006378, Max: 0x000c0000, ABSOLUTE)

    Base Addr    Size         Type   Attr      Idx    E Section Name        Object

    0x08000000   0x00000188   Data   RO          284    RESET               vectors.o
    0x08000188   0x00000008   Code   RO         2008  * !!!main             c_w.l(__main.o)
    0x08000190   0x00000034   Code   RO         2170    !!!scatter          c_w.l(__scatter.o)
    0x080001c4   0x0000001a   Code   RO         2172    !!handler_copy      c_w.l(__scatter_copy.o)
    0x080001de   0x00000002   PAD
    0x080001e0   0x0000001c   Code   RO         2174    !!handler_zi        c_w.l(__scatter_zi.o)
    0x080001fc   0x00000002   Code   RO         2042    .ARM.Collect$$libinit$$00000000  c_w.l(libinit.o)
    0x080001fe   0x00000004   Code   RO         2048    .ARM.Collect$$libinit$$00000001  c_w.l(libinit2.o)
    0x08000202   0x00000000   Code   RO         2052    .ARM.Collect$$libinit$$00000008  c_w.l(libinit2.o)
    0x08000202   0x00000000   Code   RO         2054    .ARM.Collect$$libinit$$0000000A  c_w.l(libinit2.o)
    0x08000202   0x00000000   Code   RO         2056    .ARM.Collect$$libinit$$0000000C  c_w.l(libinit2.o)
    0x08000202   0x00000000   Code   RO         2059    .ARM.Collect$$libinit$$0000000F  c_w.l(libinit2.o)
    0x08000202   0x00000000   Code   RO         2061    .ARM.Collect$$libinit$$00000011  c_w.l(libinit2.o)
    0x08000202   0x00000000   Code   RO         2063    .ARM.Collect$$libinit$$00000013  c_w.l(libinit2.o)
    0x08000202   0x00000000   Code   RO         2065    .ARM.Collect$$libinit$$00000015  c_w.l(libinit2.o)
    0x08000202   0x00000000   Code   RO         2067    .ARM.Collect$$libinit$$00000017  c_w.l(libinit2.o)
    0x08000202   0x00000000   Code   RO         2069    .ARM.Collect$$libinit$$00000019  c_w.l(libinit2.o)
    0x08000202   0x00000000   Code   RO         2071    .ARM.Collect$$libinit$$0000001B  c_w.l(libinit2.o)
    0x08000202   0x00000000   Code   RO         2073    .ARM.Collect$$libinit$$0000001D  c_w.l(libinit2.o)
    0x08000202   0x00000000   Code   RO         2075    .ARM.Collect$$libinit$$0000001F  c_w.l(libinit2.o)
    0x08000202   0x00000000   Code   RO         2077    .ARM.Collect$$libinit$$00000021  c_w.l(libinit2.o)
    0x08000202   0x00000000   Code   RO         2079    .ARM.Collect$$libinit$$00000023  c_w.l(libinit2.o)
    0x08000202   0x00000000   Code   RO         2083    .ARM.Collect$$libinit$$0000002A  c_w.l(libinit2.o)
    0x08000202   0x00000000   Code   RO         2085    .ARM.Collect$$libinit$$0000002C  c_w.l(libinit2.o)
    0x08000202   0x00000000   Code   RO         2087    .ARM.Collect$$libinit$$0000002E  c_w.l(libinit2.o)
    0x08000202   0x00000000   Code   RO         2089    .ARM.Collect$$libinit$$00000030  c_w.l(libinit2.o)
    0x08000202   0x00000002   Code   RO         2090    .ARM.Collect$$libinit$$00000031  c_w.l(libinit2.o)
    0x08000204   0x00000002   Code   RO         2110    .ARM.Collect$$libshutdown$$00000000  c_w.l(libshutdown.o)
    0x08000206   0x00000000   Code   RO         2124    .ARM.Collect$$libshutdown$$00000003  c_w.l(libshutdown2.o)
    0x08000206   0x00000000   Code   RO         2127    .ARM.Collect$$libshutdown$$00000006  c_w.l(libshutdown2.o)
    0x08000206   0x00000000   Code   RO         2130    .ARM.Collect$$libshutdown$$00000009  c_w.l(libshutdown2.o)
    0x08000206   0x00000000   Code   RO         2132    .ARM.Collect$$libshutdown$$0000000B  c_w.l(libshutdown2.o)
    0x08000206   0x00000000   Code   RO         2135    .ARM.Collect$$libshutdown$$0000000E  c_w.l(libshutdown2.o)
    0x08000206   0x00000002   Code   RO         2136    .ARM.Collect$$libshutdown$$0000000F  c_w.l(libshutdown2.o)
    0x08000208   0x00000000   Code   RO         2010    .ARM.Collect$$rtentry$$00000000  c_w.l(rtentry.o)
    0x08000208   0x00000000   Code   RO         2014    .ARM.Collect$$rtentry$$00000002  c_w.l(rtentry2.o)
    0x08000208   0x00000004   Code   RO         2028    .ARM.Collect$$rtentry$$00000005  c_w.l(rtentry5.o)
    0x0800020c   0x00000000   Code   RO         2016    .ARM.Collect$$rtentry$$00000009  c_w.l(rtentry2.o)
    0x0800020c   0x00000004   Code   RO         2017    .ARM.Collect$$rtentry$$0000000A  c_w.l(rtentry2.o)
    0x08000210   0x00000000   Code   RO         2019    .ARM.Collect$$rtentry$$0000000C  c_w.l(rtentry2.o)
    0x08000210   0x00000008   Code   RO         2020    .ARM.Collect$$rtentry$$0000000D  c_w.l(rtentry2.o)
    0x08000218   0x00000004   Code   RO         2029    .ARM.Collect$$rtentry$$00002716  c_w.l(rtentry5.o)
    0x0800021c   0x00000002   Code   RO         2046    .ARM.Collect$$rtexit$$00000000  c_w.l(rtexit.o)
    0x0800021e   0x00000000   Code   RO         2092    .ARM.Collect$$rtexit$$00000002  c_w.l(rtexit2.o)
    0x0800021e   0x00000004   Code   RO         2093    .ARM.Collect$$rtexit$$00000003  c_w.l(rtexit2.o)
    0x08000222   0x00000006   Code   RO         2094    .ARM.Collect$$rtexit$$00000004  c_w.l(rtexit2.o)
    0x08000228   0x0000000a   Code   RO            2    .text               board.o
    0x08000232   0x00000002   PAD
    0x08000234   0x00000050   Code   RO          252    .text               cstartup.o
    0x08000284   0x0000002c   Code   RO          256    .text               chcoreasm_v7m.o
    0x080002b0   0x00000006   Code   RO          260    .text               chcore.o
    0x080002b6   0x00000002   PAD
    0x080002b8   0x00000128   Code   RO          272    .text               chcore_v7m.o
    0x080003e0   0x00000002   Code   RO          285    .text               vectors.o
    0x080003e2   0x00000002   PAD
    0x080003e4   0x000000ac   Code   RO          289    .text               nvic.o
    0x08000490   0x00000114   Code   RO          322    .text               chdynamic.o
    0x080005a4   0x000002d4   Code   RO          334    .text               chevents.o
    0x08000878   0x0000019c   Code   RO          346    .text               chheap.o
    0x08000a14   0x00000078   Code   RO          378    .text               chmemcore.o
    0x08000a8c   0x00000074   Code   RO          393    .text               chmempools.o
    0x08000b00   0x0000023c   Code   RO          420    .text               chmtx.o
    0x08000d3c   0x0000034c   Code   RO          435    .text               chqueues.o
    0x08001088   0x00000188   Code   RO          459    .text               chschd.o
    0x08001210   0x000000e4   Code   RO          495    .text               chsys.o
    0x080012f4   0x00000218   Code   RO          513    .text               chthreads.o
    0x0800150c   0x000000a0   Code   RO          528    .text               chvt.o
    0x080015ac   0x00000170   Code   RO          547    .text               adc.o
    0x0800171c   0x00000084   Code   RO          577    .text               hal.o
    0x080017a0   0x000000a6   Code   RO          609    .text               pwm.o
    0x08001846   0x00000002   PAD
    0x08001848   0x000001c8   Code   RO          625    .text               serial.o
    0x08001a10   0x00000208   Code   RO          643    .text               spi.o
    0x08001c18   0x00000110   Code   RO          659    .text               i2c.o
    0x08001d28   0x00000086   Code   RO          675    .text               ext.o
    0x08001dae   0x00000002   PAD
    0x08001db0   0x000004b8   Code   RO          691    .text               ext_lld.o
    0x08002268   0x0000066c   Code   RO          716    .text               mmc_spi.o
    0x080028d4   0x00000080   Code   RO          772    .text               tm.o
    0x08002954   0x000000ee   Code   RO          790    .text               gpt.o
    0x08002a42   0x00000002   PAD
    0x08002a44   0x00000540   Code   RO          806    .text               adc_lld.o
    0x08002f84   0x000001f4   Code   RO          828    .text               hal_lld.o
    0x08003178   0x0000019c   Code   RO          844    .text               pal_lld.o
    0x08003314   0x000002bc   Code   RO          860    .text               pwm_lld.o
    0x080035d0   0x00000258   Code   RO          885    .text               serial_lld.o
    0x08003828   0x000003d8   Code   RO          908    .text               spi_lld.o
    0x08003c00   0x000003c8   Code   RO          934    .text               stm32_dma.o
    0x08003fc8   0x0000070c   Code   RO          973    .text               i2c_lld.o
    0x080046d4   0x00000140   Code   RO          995    .text               gpt_lld.o
    0x08004814   0x0000005c   Code   RO         1267    .text               main.o
    0x08004870   0x00000244   Code   RO         1833    .text               racecontrol.o
    0x08004ab4   0x00000014   Code   RO         1861    .text               externalinterrupt.o
    0x08004ac8   0x0000083c   Code   RO         1880    .text               gcs.o
    0x08005304   0x000004c8   Code   RO         1929    .text               stm32f4xx_flash.o
    0x080057cc   0x00000030   Code   RO         1953    .text               flash.o
    0x080057fc   0x000004b0   Code   RO         1976    .text               eeprom.o
    0x08005cac   0x00000048   Code   RO         1998    .text               c_w.l(strcpy.o)
    0x08005cf4   0x0000008a   Code   RO         2000    .text               c_w.l(rt_memcpy_v6.o)
    0x08005d7e   0x00000064   Code   RO         2002    .text               c_w.l(rt_memcpy_w.o)
    0x08005de2   0x00000044   Code   RO         2004    .text               c_w.l(rt_memclr.o)
    0x08005e26   0x00000006   Code   RO         2006    .text               c_w.l(heapauxi.o)
    0x08005e2c   0x0000004e   Code   RO         2011    .text               c_w.l(rt_memclr_w.o)
    0x08005e7a   0x0000000c   Code   RO         2035    .text               c_w.l(exit.o)
    0x08005e86   0x00000002   PAD
    0x08005e88   0x0000000c   Code   RO         2102    .text               c_w.l(sys_exit.o)
    0x08005e94   0x00000002   Code   RO         2113    .text               c_w.l(use_no_semi.o)
    0x08005e96   0x00000000   Code   RO         2115    .text               c_w.l(indicate_semi.o)
    0x08005e96   0x0000000a   Code   RO         2100    x$fpl$fpinit        fz_wm.l(fpinit.o)
    0x08005ea0   0x000000fc   Data   RO            3    .constdata          board.o
    0x08005f9c   0x00000024   Data   RO          626    .constdata          serial.o
    0x08005fc0   0x0000010b   Data   RO          717    .constdata          mmc_spi.o
    0x080060cb   0x00000001   PAD
    0x080060cc   0x0000000c   Data   RO          887    .constdata          serial_lld.o
    0x080060d8   0x000000c0   Data   RO          936    .constdata          stm32_dma.o
    0x08006198   0x000000c0   Data   RO         1863    .constdata          externalinterrupt.o
    0x08006258   0x00000100   Data   RO         1883    .constdata          gcs.o
    0x08006358   0x00000020   Data   RO         2167    Region$$Table       anon$$obj.o


    Execution Region RW_IRAM1 (Base: 0x20000000, Size: 0x00004a30, Max: 0x00020000, ABSOLUTE)

    Base Addr    Size         Type   Attr      Idx    E Section Name        Object

    0x20000000   0x00000008   Data   RW          379    .data               chmemcore.o
    0x20000008   0x00000008   Data   RW          692    .data               ext_lld.o
    0x20000010   0x00000004   Data   RW          773    .data               tm.o
    0x20000014   0x00000004   Data   RW          910    .data               spi_lld.o
    0x20000018   0x00000004   Data   RW          937    .data               stm32_dma.o
    0x2000001c   0x0000000a   Data   RW         1836    .data               racecontrol.o
    0x20000026   0x00000012   Data   RW         1884    .data               gcs.o
    0x20000038   0x0000006e   Data   RW         1955    .data               flash.o
    0x200000a6   0x00000002   Data   RW         1978    .data               eeprom.o
    0x200000a8   0x00000020   Zero   RW          347    .bss                chheap.o
    0x200000c8   0x00000020   Zero   RW          460    .bss                chschd.o
    0x200000e8   0x00000190   Zero   RW          496    .bss                chsys.o
    0x20000278   0x00000010   Zero   RW          529    .bss                chvt.o
    0x20000288   0x0000009c   Zero   RW          807    .bss                adc_lld.o
    0x20000324   0x00000028   Zero   RW          861    .bss                pwm_lld.o
    0x2000034c   0x00000854   Zero   RW          886    .bss                serial_lld.o
    0x20000ba0   0x00000060   Zero   RW          909    .bss                spi_lld.o
    0x20000c00   0x00000080   Zero   RW          935    .bss                stm32_dma.o
    0x20000c80   0x00000034   Zero   RW          974    .bss                i2c_lld.o
    0x20000cb4   0x00000010   Zero   RW          996    .bss                gpt_lld.o
    0x20000cc4   0x00000820   Zero   RW         1835    .bss                racecontrol.o
    0x200014e4   0x00000004   PAD
    0x200014e8   0x00002948   Zero   RW         1882    .bss                gcs.o
    0x20003e30   0x00000400   Zero   RW          250    CSTACK              cstartup.o
    0x20004230   0x00000400   Zero   RW          251    HEAP                cstartup.o
    0x20004630   0x00000400   Zero   RW          249    MSTACK              cstartup.o


    Execution Region RW_IRAM2 (Base: 0x20020000, Size: 0x00000000, Max: 0x00000001, ABSOLUTE)

    Base Addr    Size         Type   Attr      Idx    E Section Name        Object

    0x20020000   0x00000000   Data   RO         2169    linker$$defined$$symbols  anon$$obj.o


==============================================================================

Image component sizes


      Code (inc. data)   RO Data    RW Data    ZI Data      Debug   Object Name

       368          6          0          0          0       7979   adc.o
      1344         54          0          0        156       6938   adc_lld.o
        10          0        252          0          0     266548   board.o
         6          0          0          0          0        472   chcore.o
       296         26          0          0          0       1787   chcore_v7m.o
        44          0          0          0          0        536   chcoreasm_v7m.o
       276          0          0          0          0       2317   chdynamic.o
       724          6          0          0          0       5455   chevents.o
       412         10          0          0         32       2464   chheap.o
       120         16          0          8          0       1854   chmemcore.o
       116          0          0          0          0       1893   chmempools.o
         0          0          0          0          0        628   chmsg.o
       572          4          0          0          0       4180   chmtx.o
       844          6          0          0          0       4771   chqueues.o
       392          8          0          0         32       4333   chschd.o
       228         34          0          0        400       1590   chsys.o
       536         14          0          0          0       4443   chthreads.o
       160          6          0          0         16       2779   chvt.o
        80         32          0          0       3072        492   cstartup.o
      1200         16          0          2          0       5456   eeprom.o
       134          0          0          0          0       2036   ext.o
      1208         20          0          8          0       5995   ext_lld.o
        20          8        192          0          0        702   externalinterrupt.o
        48          4          0        110          0       1122   flash.o
      2108        140        256         18      10568      27203   gcs.o
       238          0          0          0          0       2751   gpt.o
       320         14          0          0         16       3195   gpt_lld.o
       132         10          0          0          0       1148   hal.o
       500         34          0          0          0       1024   hal_lld.o
       272          0          0          0          0       3031   i2c.o
      1804         58          0          0         52       8255   i2c_lld.o
        92          6          0          0          0      40236   main.o
      1644         24        267          0          0       8655   mmc_spi.o
       172         16          0          0          0       1046   nvic.o
       412         40          0          0          0       2094   pal_lld.o
       166          0          0          0          0       2092   pwm.o
       700         24          0          0         40       4534   pwm_lld.o
       580         48          0         10       2080       3161   racecontrol.o
       456          4         36          0          0       4080   serial.o
       600         38         12          0       2132       3834   serial_lld.o
       520          6          0          0          0       4257   spi.o
       984         48          0          4         96       4257   spi_lld.o
       968         24        192          4        128       9478   stm32_dma.o
      1224         24          0          0          0     214197   stm32f4xx_flash.o
       128         18          0          4          0       1234   tm.o
         2          0        392          0          0        444   vectors.o

    ----------------------------------------------------------------------
     23172        846       1632        168      18824     686976   Object Totals
         0          0         32          0          0          0   (incl. Generated)
        12          0          1          0          4          0   (incl. Padding)

    ----------------------------------------------------------------------

      Code (inc. data)   RO Data    RW Data    ZI Data      Debug   Library Member Name

         8          0          0          0          0         68   __main.o
        52          8          0          0          0          0   __scatter.o
        26          0          0          0          0          0   __scatter_copy.o
        28          0          0          0          0          0   __scatter_zi.o
        12          0          0          0          0         72   exit.o
         6          0          0          0          0        152   heapauxi.o
         0          0          0          0          0          0   indicate_semi.o
         2          0          0          0          0          0   libinit.o
         6          0          0          0          0          0   libinit2.o
         2          0          0          0          0          0   libshutdown.o
         2          0          0          0          0          0   libshutdown2.o
        68          0          0          0          0         68   rt_memclr.o
        78          0          0          0          0         80   rt_memclr_w.o
       138          0          0          0          0         68   rt_memcpy_v6.o
       100          0          0          0          0         80   rt_memcpy_w.o
         0          0          0          0          0          0   rtentry.o
        12          0          0          0          0          0   rtentry2.o
         8          4          0          0          0          0   rtentry5.o
         2          0          0          0          0          0   rtexit.o
        10          0          0          0          0          0   rtexit2.o
        72          0          0          0          0         80   strcpy.o
        12          4          0          0          0         68   sys_exit.o
         2          0          0          0          0         68   use_no_semi.o
        10          0          0          0          0        116   fpinit.o

    ----------------------------------------------------------------------
       660         16          0          0          0        920   Library Totals
         4          0          0          0          0          0   (incl. Padding)

    ----------------------------------------------------------------------

      Code (inc. data)   RO Data    RW Data    ZI Data      Debug   Library Name

       646         16          0          0          0        804   c_w.l
        10          0          0          0          0        116   fz_wm.l

    ----------------------------------------------------------------------
       660         16          0          0          0        920   Library Totals

    ----------------------------------------------------------------------

==============================================================================


      Code (inc. data)   RO Data    RW Data    ZI Data      Debug   

     23832        862       1632        168      18824     679180   Grand Totals
     23832        862       1632        168      18824     679180   ELF Image Totals
     23832        862       1632        168          0          0   ROM Totals

==============================================================================

    Total RO  Size (Code + RO Data)                25464 (  24.87kB)
    Total RW  Size (RW Data + ZI Data)             18992 (  18.55kB)
    Total ROM Size (Code + RO Data + RW Data)      25632 (  25.03kB)

==============================================================================

